node.exe : Error: Cannot find module 
'C:\REVISATUCUENTASOLO14enero\server\data\canonical_contract_mandate.js' 
imported from 
C:\REVISATUCUENTASOLO14enero\server\services\auditEngine.service.ts
En línea: 1 Carácter: 1
+ & "C:\Program Files\nodejs/node.exe" "C:\Program Files\nodejs/node_mo ...
+ ~~~~~~~~~~~~~~~~~~~~~~~~~~~~~~~~~~~~~~~~~~~~~~~~~~~~~~~~~~~~~~~~~~~~~
    + CategoryInfo          : NotSpecified: (Error: Cannot f...gine.service.ts 
   :String) [], RemoteException
    + FullyQualifiedErrorId : NativeCommandError
 
    at finalizeResolution (node:internal/modules/esm/resolve:274:11)
    at moduleResolve (node:internal/modules/esm/resolve:864:10)
    at defaultResolve (node:internal/modules/esm/resolve:990:11)
    at ModuleLoader.#cachedDefaultResolve 
(node:internal/modules/esm/loader:757:20)
    at ModuleLoader.resolve (node:internal/modules/esm/loader:734:38)
    at ModuleLoader.getModuleJobForImport 
(node:internal/modules/esm/loader:317:38)
    at ModuleJob.#link (node:internal/modules/esm/module_job:208:49) {
  code: 'ERR_MODULE_NOT_FOUND',
  url: 'file:///C:/REVISATUCUENTASOLO14enero/server/data/canonical_contract_man
date.js'
}
