­ƒÜÇ Starting Validation Service Test...

--- TEST 1: Valid CUENTA (Expected: Valid) ---
[VALIDATION] Checking if document is "CUENTA"...
[VALIDATION] Raw AI Response: {
  "classification": "CUENTA",
  "confidence": 0.98,
  "reasoning": "The document explicitly states 'CLINICA INDISA' (a clinic logo), 'Cuenta N┬░', and 'DETALLE DE CUENTA'. It lists a medical item ('DIA CAMA UCI') with a unit value and a total, matching the characteristics of a clinic bill."
}
Result: Ô£à PASS | Detected: CUENTA | Reason: The document explicitly states 'CLINICA INDISA' (a clinic logo), 'Cuenta N┬░', and 'DETALLE DE CUENTA'. It lists a medical item ('DIA CAMA UCI') with a unit value and a total, matching the characteristics of a clinic bill.

--- TEST 2: Valid PAM (Expected: Valid) ---
[VALIDATION] Checking if document is "PAM"...
[VALIDATION] Raw AI Response: {
  "classification": "PAM",
  "confidence": 0.98,
  "reasoning": "The document contains 'ISAPRE CRUZBLANCA', 'BONO DE ATENCION MEDICA', 'FOLIO', 'Bonificaci├│n', and 'Copago', which are all key identifiers for a 'PAM' (Programa de Atenci├│n M├®dica) document."
}
Result: Ô£à PASS | Detected: PAM | Reason: The document contains 'ISAPRE CRUZBLANCA', 'BONO DE ATENCION MEDICA', 'FOLIO', 'Bonificaci├│n', and 'Copago', which are all key identifiers for a 'PAM' (Programa de Atenci├│n M├®dica) document.

--- TEST 3: Invalid Meme as CONTRATO (Expected: INVALID) ---
[VALIDATION] Checking if document is "CONTRATO"...
[VALIDATION] Raw AI Response: {
  "classification": "UNKNOWN",
  "confidence": 1.0,
  "reasoning": "The document is a meme with a cat picture and text 'When you write code and it works on the first try.'. It contains no elements, keywords, or structures related to Chilean healthcare documents (CUENTA, PAM, CONTRATO)."
}
Result: Ô£à PASS | Detected: UNKNOWN | Reason: Documento identificado como UNKNOWN pero se esperaba CONTRATO. Raz├│n: The document is a meme with a cat picture and text 'When you write code and it works on the first try.'. It contains no elements, keywords, or structures related to Chilean healthcare documents (CUENTA, PAM, CONTRATO).

--- TEST 4: Mismatch PAM as CUENTA (Expected: INVALID) ---
[VALIDATION] Checking if document is "CUENTA"...
[VALIDATION] Raw AI Response: {
  "classification": "PAM",
  "confidence": 0.98,
  "reasoning": "Document contains 'ISAPRE CRUZBLANCA', 'BONO DE ATENCION MEDICA', 'FOLIO', 'Bonificaci├│n', and 'Copago', which are all strong indicators for a PAM (Programa de Atenci├│n M├®dica) document."
}
Result: Ô£à PASS | Detected: PAM | Reason: Documento identificado como PAM pero se esperaba CUENTA. Raz├│n: Document contains 'ISAPRE CRUZBLANCA', 'BONO DE ATENCION MEDICA', 'FOLIO', 'Bonificaci├│n', and 'Copago', which are all strong indicators for a PAM (Programa de Atenci├│n M├®dica) document.

--- TEST 5: Mixed (Cuenta + PAM) as CUENTA (Expected: Valid) ---
[VALIDATION] Checking if document is "CUENTA"...
[VALIDATION] Raw AI Response: {
  "classification": "CUENTA_PAM",
  "confidence": 0.98,
  "reasoning": "The document contains clear indicators for both 'CUENTA' and 'PAM'. 'CLINICA INDISA', 'Cuenta N┬░', 'DETALLE DE CUENTA', and the itemized 'DIA CAMA' with a monetary value strongly suggest a clinic bill. Simultaneously, 'ISAPRE CRUZBLANCA', 'BONO DE ATENCION MEDICA', and 'FOLIO' are definitive keywords for an insurance payment detail (PAM). The presence of both types of information within the same document leads to the 'CUENTA_PAM' classification."
}
Result: Ô£à PASS | Detected: CUENTA_PAM | Reason: The document contains clear indicators for both 'CUENTA' and 'PAM'. 'CLINICA INDISA', 'Cuenta N┬░', 'DETALLE DE CUENTA', and the itemized 'DIA CAMA' with a monetary value strongly suggest a clinic bill. Simultaneously, 'ISAPRE CRUZBLANCA', 'BONO DE ATENCION MEDICA', and 'FOLIO' are definitive keywords for an insurance payment detail (PAM). The presence of both types of information within the same document leads to the 'CUENTA_PAM' classification.

